[code.jquery.com/ui/1.12.1/themes/base/jquery-ui.css]
[hyper360.api.eng.it/resource/img/logo.png]
[cdnjs.cloudflare.com/ajax/libs/tween.js/16.3.5/Tween.min.js]
[hyper360.api.eng.it/resource/view/360/lib/js/jsth/threejs/build/three.min.js]
[hyper360.api.eng.it/resource/view/360/lib/js/jsth/threejs/examples/js/controls/OrbitControlsInverted.js]
[hyper360.api.eng.it/resource/view/360/lib/js/jsth/threejs/examples/js/controls/DragControls.js]
[hyper360.api.eng.it/resource/view/360/lib/js/jsth/threejs/examples/js/renderers/CSS3DRenderer.js]
[hyper360.api.eng.it/resource/view/360/lib/js/LoaderSupport.js]
[hyper360.api.eng.it/resource/view/360/lib/js/OBJLoader.js]
[hyper360.api.eng.it/resource/view/360/lib/js/MTLLoader.js]
[hyper360.api.eng.it/resource/view/360/lib/js/ColladaLoader.js]
[hyper360.api.eng.it/resource/view/360/lib/js/socket.io.min.js]
[hyper360.api.eng.it/resource/view/360/lib/js/threex.domevents.js]
[hyper360.api.eng.it/resource/view/360/lib/js/dat.gui.min.js]
[hyper360.api.eng.it/resource/view/360/lib/js/threex.chromakey.js]
[hyper360.api.eng.it/resource/view/360/lib/js/long-press-event/long-press-event.min.js]
[code.jquery.com/jquery-3.2.1.js]
[code.jquery.com/ui/1.12.1/jquery-ui.js]
[hyper360.api.eng.it/resource/view/360/lib/js/semantic/semantic.js]
[backblue.gif]
[fade.gif]
[index.html]
[hyper360.api.eng.it/H360/use/configaec6.json]
[hyper360.api.eng.it/resource/view/360/js/use/playerEngine.js]
[hyper360.api.eng.it/resource/view/360/js/use/playerTime.js]
[hyper360.api.eng.it/resource/view/360/js/use/playerProgressBar.js]
[hyper360.api.eng.it/resource/view/360/js/use/playerWindowResizeEngine.js]
[hyper360.api.eng.it/resource/view/360/js/use/playerEngineTime.js]
[hyper360.api.eng.it/resource/view/360/js/use/playerActivityEngine.js]
[hyper360.api.eng.it/resource/view/360/js/use/playerMouseOverEngine.js]
[hyper360.api.eng.it/resource/view/360/js/utility.js]
[hyper360.api.eng.it/resource/view/360/js/objects/objectsutility.js]
[hyper360.api.eng.it/resource/view/360/js/objects/weightmanaging.js]
[hyper360.api.eng.it/resource/view/360/js/coordsConversion.js]
[hyper360.api.eng.it/resource/view/360/js/videoControl.js]
[hyper360.api.eng.it/resource/view/360/js/videoSphere.js]
[hyper360.api.eng.it/resource/view/360/js/objects/hotspot.js]
[hyper360.api.eng.it/resource/view/360/js/objects/sceneText.js]
[hyper360.api.eng.it/resource/view/360/js/objects/imagecomp.js]
[hyper360.api.eng.it/resource/view/360/js/objects/video2D.js]
[hyper360.api.eng.it/resource/view/360/js/objects/audioCompToScene.js]
[hyper360.api.eng.it/resource/view/360/js/use/useImageEngine.js]
[hyper360.api.eng.it/resource/view/360/js/use/useHtmlEngine.js]
[hyper360.api.eng.it/resource/view/360/js/use/useTextEngine.js]
[hyper360.api.eng.it/resource/view/360/js/use/useTextlineEngine.js]
[hyper360.api.eng.it/resource/view/360/js/use/useAudioEngine.js]
[hyper360.api.eng.it/resource/view/360/js/use/useVideoEngine.js]
[hyper360.api.eng.it/resource/view/360/js/use/useMetadataEngine.js]
[hyper360.api.eng.it/resource/view/360/js/use/usePostMessage.js]
[hyper360.api.eng.it/resource/view/360/js/use/use.js]
[hyper360.api.eng.it/H360/usee08d.html]
[cdnjs.cloudflare.com/ajax/libs/tween.js/16.3.5/Tween.min.js]
[code.jquery.com/ui/1.12.1/themes/base/images/ui-icons_444444_256x240.png]
[code.jquery.com/ui/1.12.1/themes/base/images/ui-icons_555555_256x240.png]
[code.jquery.com/ui/1.12.1/themes/base/images/ui-icons_ffffff_256x240.png]
[code.jquery.com/ui/1.12.1/themes/base/images/ui-icons_777620_256x240.png]
[code.jquery.com/ui/1.12.1/themes/base/images/ui-icons_cc0000_256x240.png]
[code.jquery.com/ui/1.12.1/themes/base/images/ui-icons_777777_256x240.png]
[code.jquery.com/ui/1.12.1/themes/base/jquery-ui.css]
[hyper360.api.eng.it/resource/view/css/style.css]
[hyper360.api.eng.it/resource/view/360/lib/js/semantic/themes/default/assets/images/flags.png]
[hyper360.api.eng.it/resource/view/360/lib/js/semantic/themes/default/assets/fonts/icons.eot]
[hyper360.api.eng.it/resource/view/360/lib/js/semantic/themes/default/assets/fonts/iconsd41d.eot]
[hyper360.api.eng.it/resource/view/360/lib/js/semantic/themes/default/assets/fonts/icons.woff2]
[hyper360.api.eng.it/resource/view/360/lib/js/semantic/themes/default/assets/fonts/icons.woff]
[hyper360.api.eng.it/resource/view/360/lib/js/semantic/themes/default/assets/fonts/icons.ttf]
[hyper360.api.eng.it/resource/view/360/lib/js/semantic/themes/default/assets/fonts/outline-icons.eot]
[hyper360.api.eng.it/resource/view/360/lib/js/semantic/themes/default/assets/fonts/outline-iconsd41d.eot]
[hyper360.api.eng.it/resource/view/360/lib/js/semantic/themes/default/assets/fonts/outline-icons.woff2]
[hyper360.api.eng.it/resource/view/360/lib/js/semantic/themes/default/assets/fonts/outline-icons.woff]
[hyper360.api.eng.it/resource/view/360/lib/js/semantic/themes/default/assets/fonts/outline-icons.ttf]
[hyper360.api.eng.it/resource/view/360/lib/js/semantic/themes/default/assets/fonts/brand-icons.eot]
[hyper360.api.eng.it/resource/view/360/lib/js/semantic/themes/default/assets/fonts/brand-iconsd41d.eot]
[hyper360.api.eng.it/resource/view/360/lib/js/semantic/themes/default/assets/fonts/brand-icons.woff2]
[hyper360.api.eng.it/resource/view/360/lib/js/semantic/themes/default/assets/fonts/brand-icons.woff]
[hyper360.api.eng.it/resource/view/360/lib/js/semantic/themes/default/assets/fonts/brand-icons.ttf]
[hyper360.api.eng.it/resource/view/360/lib/js/semantic/semantic.css]
[hyper360.api.eng.it/H360/use/configaec6.json]
[hyper360.api.eng.it/H360/use/configaec6.json]
[hyper360.api.eng.it/resource/view/360/lib/js/semantic/themes/default/assets/fonts/icons.svg]
[hyper360.api.eng.it/resource/view/360/lib/js/semantic/themes/default/assets/fonts/outline-icons.svg]
[hyper360.api.eng.it/resource/view/360/lib/js/semantic/themes/default/assets/fonts/brand-icons.svg]
